[debug] [2026-05-27T05:42:30.920Z] ----------------------------------------------------------------------
[debug] [2026-05-27T05:42:30.923Z] Command:       C:\Program Files\nodejs\node.exe C:\Users\Mahadev Narne\AppData\Roaming\npm\node_modules\firebase-tools\lib\bin\firebase.js init hosting
[debug] [2026-05-27T05:42:30.923Z] CLI Version:   15.18.0
[debug] [2026-05-27T05:42:30.923Z] Platform:      win32
[debug] [2026-05-27T05:42:30.924Z] Node Version:  v24.16.0
[debug] [2026-05-27T05:42:30.924Z] Time:          Wed May 27 2026 11:12:30 GMT+0530 (India Standard Time)
[debug] [2026-05-27T05:42:30.924Z] ----------------------------------------------------------------------
[debug] 
[info] 
     ######## #### ########  ######## ########     ###     ######  ########
     ##        ##  ##     ## ##       ##     ##  ##   ##  ##       ##
     ######    ##  ########  ######   ########  #########  ######  ######
     ##        ##  ##    ##  ##       ##     ## ##     ##       ## ##
     ##       #### ##     ## ######## ########  ##     ##  ######  ########

You're about to initialize a Firebase project in this directory:

  C:\MWC

Before we get started, keep in mind:

  * You are currently outside your home directory

[info] 
=== Project Setup
[info] 
[info] First, let's associate this project directory with a Firebase project.
[info] You can create multiple project aliases by running firebase use --add, 
[info] 
[info] i  If you want to create a project in a Google Cloud organization or folder, please use "firebase projects:create" instead, and return to this command when you've created the project. 
[debug] [2026-05-27T05:43:15.832Z] > command requires scopes: ["email","openid","https://www.googleapis.com/auth/cloudplatformprojects.readonly","https://www.googleapis.com/auth/firebase","https://www.googleapis.com/auth/cloud-platform"]
[debug] [2026-05-27T05:43:15.832Z] > authorizing via signed-in user (narnemahadev38@gmail.com)
[debug] [2026-05-27T05:44:32.154Z] Checked if tokens are valid: true, expires at: 1779864117668
[debug] [2026-05-27T05:44:32.155Z] Checked if tokens are valid: true, expires at: 1779864117668
[debug] [2026-05-27T05:44:32.156Z] >>> [apiv2][query] POST https://firebase.googleapis.com/v1/projects:checkProjectId [none]
[debug] [2026-05-27T05:44:32.156Z] >>> [apiv2][body] POST https://firebase.googleapis.com/v1/projects:checkProjectId {"proposedId":"mwcnid"}
[debug] [2026-05-27T05:44:33.149Z] <<< [apiv2][status] POST https://firebase.googleapis.com/v1/projects:checkProjectId 200
[debug] [2026-05-27T05:44:33.149Z] <<< [apiv2][body] POST https://firebase.googleapis.com/v1/projects:checkProjectId {"projectIdStatus":"PROJECT_ID_AVAILABLE","suggestedProjectId":"mwcnid"}
[debug] [2026-05-27T05:44:44.621Z] Checked if tokens are valid: true, expires at: 1779864117668
[debug] [2026-05-27T05:44:44.621Z] Checked if tokens are valid: true, expires at: 1779864117668
[debug] [2026-05-27T05:44:44.622Z] >>> [apiv2][query] POST https://cloudresourcemanager.googleapis.com/v1/projects [none]
[debug] [2026-05-27T05:44:44.622Z] >>> [apiv2][body] POST https://cloudresourcemanager.googleapis.com/v1/projects {"projectId":"mwcnid","name":"mwci"}
[debug] [2026-05-27T05:44:46.666Z] <<< [apiv2][status] POST https://cloudresourcemanager.googleapis.com/v1/projects 200
[debug] [2026-05-27T05:44:46.667Z] <<< [apiv2][body] POST https://cloudresourcemanager.googleapis.com/v1/projects {"name":"operations/create_project.global.6663672628146040400"}
[debug] [2026-05-27T05:44:46.669Z] Checked if tokens are valid: true, expires at: 1779864117668
[debug] [2026-05-27T05:44:46.669Z] Checked if tokens are valid: true, expires at: 1779864117668
[debug] [2026-05-27T05:44:46.669Z] >>> [apiv2][query] GET https://cloudresourcemanager.googleapis.com/v1/operations/create_project.global.6663672628146040400 [none]
[debug] [2026-05-27T05:44:48.209Z] <<< [apiv2][status] GET https://cloudresourcemanager.googleapis.com/v1/operations/create_project.global.6663672628146040400 200
[debug] [2026-05-27T05:44:48.209Z] <<< [apiv2][body] GET https://cloudresourcemanager.googleapis.com/v1/operations/create_project.global.6663672628146040400 {"name":"operations/create_project.global.6663672628146040400","metadata":{"@type":"type.googleapis.com/google.cloudresourcemanager.v1.ProjectCreationStatus","ready":true},"done":true,"error":{"code":9,"message":"Callers must accept Terms of Service","details":[{"@type":"type.googleapis.com/google.rpc.PreconditionFailure","violations":[{"type":"TOS","subject":"cloud","description":"Callers must accept Terms of Service"}]}]}}
[debug] [2026-05-27T05:44:48.659Z] FirebaseError: Callers must accept Terms of Service
    at OperationPoller.poll (C:\Users\Mahadev Narne\AppData\Roaming\npm\node_modules\firebase-tools\lib\operation-poller.js:25:19)
    at process.processTicksAndRejections (node:internal/process/task_queues:104:5)
    at async createCloudProject (C:\Users\Mahadev Narne\AppData\Roaming\npm\node_modules\firebase-tools\lib\management\projects.js:237:29)
    at async createFirebaseProjectAndLog (C:\Users\Mahadev Narne\AppData\Roaming\npm\node_modules\firebase-tools\lib\management\projects.js:102:9)
    at async Object.doSetup (C:\Users\Mahadev Narne\AppData\Roaming\npm\node_modules\firebase-tools\lib\init\features\project.js:64:24)
    at async init (C:\Users\Mahadev Narne\AppData\Roaming\npm\node_modules\firebase-tools\lib\init\index.js:98:13)
    at async Command.initAction [as actionFn] (C:\Users\Mahadev Narne\AppData\Roaming\npm\node_modules\firebase-tools\lib\commands\init.js:232:5)
[error] 
[error] Error: Failed to create project. See firebase-debug.log for more info.
